   0.96 GET /api/config.php 
  91.31 POST /api/pair-start.php 
  92.11 POST /api/pair-poll.php 
  95.27 POST /api/pair-poll.php 
  98.27 POST /api/pair-poll.php 
 100.88 GET /api/config.php 
 100.89 GET /player_api.php 
 100.90 GET /api/config.php 
 100.93 GET /player_api.php 
 100.99 GET /api/config.php 
 101.00 GET /player_api.php 
 101.05 GET /player_api.php get_vod_streams
 101.06 GET /player_api.php get_series
 101.06 GET /player_api.php get_vod_categories
 101.06 GET /player_api.php get_series_categories
 101.18 GET /api/app-update.php 
 103.94 GET /api/trending.php 
 103.96 GET /player_api.php get_vod_info
 103.98 GET /player_api.php get_vod_info
 103.99 GET /player_api.php get_vod_info
 104.66 GET /player_api.php get_vod_info
 104.66 GET /player_api.php get_vod_info
 104.67 GET /player_api.php get_vod_info
 104.68 POST /api/ratings.php 
 105.07 POST /api/ratings.php 
 126.70 POST /api/ratings.php 
 127.05 POST /api/ratings.php 
 151.66 POST /api/ratings.php 
 152.02 POST /api/ratings.php 
 158.50 POST /api/pair-start.php 
 158.99 POST /api/pair-poll.php 
 162.04 POST /api/pair-poll.php 
 165.04 POST /api/pair-poll.php 
 166.49 GET /api/config.php 
 166.49 GET /api/config.php 
 166.49 GET /player_api.php 
 166.49 GET /player_api.php 
 166.57 GET /api/config.php 
 166.63 GET /player_api.php 
 166.75 GET /player_api.php get_series
 166.75 GET /player_api.php get_vod_streams
 166.75 GET /player_api.php get_series_categories
 166.77 GET /player_api.php get_vod_categories
 166.79 GET /api/app-update.php 
 168.69 GET /api/trending.php 
 168.71 GET /player_api.php get_vod_info
 168.72 GET /player_api.php get_vod_info
 168.72 GET /player_api.php get_vod_info
 169.30 GET /player_api.php get_vod_info
 169.30 GET /player_api.php get_vod_info
 169.31 GET /player_api.php get_vod_info
 169.52 POST /api/ratings.php 
 191.05 POST /api/ratings.php 
 191.40 POST /api/ratings.php 
 216.03 POST /api/ratings.php 
 216.38 POST /api/ratings.php 
 248.37 GET /player_api.php 
 256.15 POST /api/pair-start.php 
 256.90 POST /api/pair-poll.php 
 259.91 POST /api/pair-poll.php 
 262.92 POST /api/pair-poll.php 
 264.12 GET /api/config.php 
 264.12 GET /player_api.php 
 264.13 GET /api/config.php 
 264.17 GET /player_api.php 
 264.21 GET /api/config.php 
 264.30 GET /player_api.php 
 264.39 GET /player_api.php get_vod_categories
 264.40 GET /player_api.php get_vod_streams
 264.49 GET /player_api.php get_series
 264.49 GET /player_api.php get_series_categories
 264.49 GET /api/app-update.php 
 266.59 GET /api/trending.php 
 266.64 GET /player_api.php get_vod_info
 266.64 GET /player_api.php get_vod_info
 266.65 GET /player_api.php get_vod_info
 267.15 GET /player_api.php get_vod_info
 267.15 GET /player_api.php get_vod_info
 267.16 GET /player_api.php get_vod_info
 267.35 POST /api/ratings.php 
 288.88 POST /api/ratings.php 
 289.24 POST /api/ratings.php 
 313.85 POST /api/ratings.php 
 314.20 POST /api/ratings.php 
 320.29 POST /api/pair-start.php 
 320.97 POST /api/pair-poll.php 
 324.03 POST /api/pair-poll.php 
 327.03 POST /api/pair-poll.php 
 328.18 GET /api/config.php 
 328.19 GET /api/config.php 
 328.19 GET /player_api.php 
 328.19 GET /player_api.php 
 328.29 GET /api/config.php 
 328.30 GET /player_api.php 
 328.35 GET /player_api.php get_vod_streams
 328.35 GET /player_api.php get_series
 328.38 GET /api/app-update.php 
 328.42 GET /player_api.php get_vod_categories
 328.42 GET /player_api.php get_series_categories
 330.35 GET /api/trending.php 
 330.37 GET /player_api.php get_vod_info
 330.37 GET /player_api.php get_vod_info
 330.38 GET /player_api.php get_vod_info
 330.88 GET /player_api.php get_vod_info
 330.88 GET /player_api.php get_vod_info
 330.89 GET /player_api.php get_vod_info
 331.09 POST /api/ratings.php 
 352.62 POST /api/ratings.php 
 352.98 POST /api/ratings.php 
 377.57 POST /api/ratings.php 
 377.92 POST /api/ratings.php 
 409.91 GET /player_api.php 
 420.34 GET /api/config.php 
 420.35 GET /player_api.php 
 451.23 POST /api/ratings.php 
 451.59 POST /api/ratings.php 
 456.90 POST /api/pair-start.php 
 457.63 POST /api/pair-poll.php 
 460.63 POST /api/pair-poll.php 
 463.64 POST /api/pair-poll.php 
 464.91 GET /api/config.php 
 464.91 GET /api/config.php 
 464.91 GET /player_api.php 
 464.92 GET /player_api.php 
 465.02 GET /api/config.php 
 465.02 GET /player_api.php 
 465.07 GET /player_api.php get_series_categories
 465.07 GET /player_api.php get_vod_categories
 465.07 GET /player_api.php get_series
 465.09 GET /player_api.php get_vod_streams
 465.10 GET /api/app-update.php 
 467.20 GET /api/trending.php 
 467.23 GET /player_api.php get_vod_info
 467.23 GET /player_api.php get_vod_info
 467.23 GET /player_api.php get_vod_info
 467.69 GET /player_api.php get_vod_info
 467.69 GET /player_api.php get_vod_info
 467.71 GET /player_api.php get_vod_info
 467.96 POST /api/ratings.php 
 489.33 POST /api/ratings.php 
 489.68 POST /api/ratings.php 
 514.25 POST /api/ratings.php 
 514.60 POST /api/ratings.php 
 546.64 GET /player_api.php 
 557.04 GET /api/config.php 
 557.04 GET /player_api.php 
 587.80 POST /api/ratings.php 
 588.16 POST /api/ratings.php 
 593.53 POST /api/pair-start.php 
 594.26 POST /api/pair-poll.php 
 597.32 POST /api/pair-poll.php 
 600.33 POST /api/pair-poll.php 
 601.29 GET /api/config.php 
 601.30 GET /api/config.php 
 601.30 GET /player_api.php 
 601.30 GET /player_api.php 
 601.41 GET /api/config.php 
 601.42 GET /player_api.php 
 601.47 GET /player_api.php get_vod_streams
 601.48 GET /player_api.php get_series_categories
 601.48 GET /player_api.php get_vod_categories
 601.49 GET /player_api.php get_series
 601.51 GET /api/app-update.php 
 603.60 GET /player_api.php get_vod_info
 603.60 GET /player_api.php get_vod_info
 603.61 GET /player_api.php get_vod_info
 603.65 GET /api/trending.php 
 604.18 GET /player_api.php get_vod_info
 604.18 GET /player_api.php get_vod_info
 604.19 GET /player_api.php get_vod_info
 604.35 POST /api/ratings.php 
 625.72 POST /api/ratings.php 
 626.07 POST /api/ratings.php 
 650.63 POST /api/ratings.php 
 650.99 POST /api/ratings.php 
 682.95 GET /player_api.php 
 693.33 GET /api/config.php 
 693.33 GET /player_api.php 
 734.54 POST /api/ratings.php 
 734.89 POST /api/ratings.php 
 747.15 POST /api/pair-start.php 
 747.98 POST /api/pair-poll.php 
 751.00 POST /api/pair-poll.php 
 754.01 POST /api/pair-poll.php 
 755.74 GET /api/config.php 
 755.74 GET /api/config.php 
 755.75 GET /player_api.php 
 755.75 GET /player_api.php 
 755.85 GET /api/config.php 
 755.89 GET /player_api.php 
 755.93 GET /player_api.php get_vod_categories
 755.94 GET /player_api.php get_vod_streams
 755.95 GET /api/app-update.php 
 755.98 GET /player_api.php get_series
 755.99 GET /player_api.php get_series_categories
 758.23 GET /api/trending.php 
 758.25 GET /player_api.php get_vod_info
 758.26 GET /player_api.php get_vod_info
 758.26 GET /player_api.php get_vod_info
 758.84 GET /player_api.php get_vod_info
 758.84 GET /player_api.php get_vod_info
 758.85 GET /player_api.php get_vod_info
 758.98 POST /api/ratings.php 
 780.38 POST /api/ratings.php 
 780.73 POST /api/ratings.php 
 805.29 POST /api/ratings.php 
 805.65 POST /api/ratings.php 
 837.60 GET /player_api.php 
 847.97 GET /api/config.php 
 847.97 GET /player_api.php 
 884.53 POST /api/ratings.php 
 884.88 POST /api/ratings.php 
 891.81 POST /api/pair-start.php 
 892.27 POST /api/pair-poll.php 
 895.32 POST /api/pair-poll.php 
 898.33 POST /api/pair-poll.php 
 899.66 GET /api/config.php 
 899.66 GET /player_api.php 
 899.67 GET /api/config.php 
 899.71 GET /player_api.php 
 899.75 GET /api/config.php 
 899.76 GET /player_api.php 
 899.80 GET /player_api.php get_vod_streams
 899.81 GET /player_api.php get_series
 899.86 GET /api/app-update.php 
 899.86 GET /player_api.php get_series_categories
 899.90 GET /player_api.php get_vod_categories
 901.63 GET /player_api.php get_vod_info
 901.64 GET /player_api.php get_vod_info
 901.64 GET /player_api.php get_vod_info
 901.65 GET /api/trending.php 
 902.20 GET /player_api.php get_vod_info
 902.21 GET /player_api.php get_vod_info
 902.21 GET /player_api.php get_vod_info
 902.33 POST /api/ratings.php 
 924.07 POST /api/ratings.php 
 924.42 POST /api/ratings.php 
 949.01 POST /api/ratings.php 
 949.36 POST /api/ratings.php 
 955.78 POST /api/pair-start.php 
 956.46 POST /api/pair-poll.php 
 959.49 POST /api/pair-poll.php 
 962.49 POST /api/pair-poll.php 
 963.72 GET /api/config.php 
 963.72 GET /player_api.php 
 963.73 GET /api/config.php 
 963.78 GET /player_api.php 
 963.82 GET /api/config.php 
 963.87 GET /player_api.php 
 963.96 GET /player_api.php get_vod_categories
 963.96 GET /player_api.php get_series
 963.96 GET /player_api.php get_series_categories
 964.00 GET /player_api.php get_vod_streams
 964.06 GET /api/app-update.php 
 966.12 GET /api/trending.php 
 966.15 GET /player_api.php get_vod_info
 966.15 GET /player_api.php get_vod_info
 966.16 GET /player_api.php get_vod_info
 966.71 GET /player_api.php get_vod_info
 966.71 GET /player_api.php get_vod_info
 966.73 GET /player_api.php get_vod_info
 966.84 POST /api/ratings.php 
 988.27 POST /api/ratings.php 
 988.63 POST /api/ratings.php 
1013.22 POST /api/ratings.php 
1013.58 POST /api/ratings.php 
1045.53 GET /player_api.php 
1055.91 GET /player_api.php 
1055.91 GET /api/config.php 
1086.71 POST /api/ratings.php 
1087.06 POST /api/ratings.php 
1092.16 POST /api/pair-start.php 
1092.79 POST /api/pair-poll.php 
1095.81 POST /api/pair-poll.php 
1098.82 POST /api/pair-poll.php 
1100.19 GET /api/config.php 
1100.20 GET /player_api.php 
1100.20 GET /api/config.php 
1100.24 GET /player_api.php 
1100.28 GET /api/config.php 
1100.29 GET /player_api.php 
1100.36 GET /player_api.php get_series_categories
1100.37 GET /player_api.php get_series
1100.39 GET /player_api.php get_vod_categories
1100.40 GET /player_api.php get_vod_streams
1100.54 GET /api/app-update.php 
1102.58 GET /api/trending.php 
1102.60 GET /player_api.php get_vod_info
1102.60 GET /player_api.php get_vod_info
1102.60 GET /player_api.php get_vod_info
1103.18 GET /player_api.php get_vod_info
1103.19 GET /player_api.php get_vod_info
1103.19 GET /player_api.php get_vod_info
1103.32 POST /api/ratings.php 
1124.71 POST /api/ratings.php 
1125.07 POST /api/ratings.php 
1149.61 POST /api/ratings.php 
1149.97 POST /api/ratings.php 
1181.99 GET /player_api.php 
1192.39 GET /api/config.php 
1192.39 GET /player_api.php 
1223.80 POST /api/ratings.php 
1224.15 POST /api/ratings.php 
1229.52 POST /api/pair-start.php 
1230.05 POST /api/pair-poll.php 
1233.06 POST /api/pair-poll.php 
1236.06 POST /api/pair-poll.php 
1237.30 GET /api/config.php 
1237.31 GET /player_api.php 
1237.31 GET /api/config.php 
1237.35 GET /player_api.php 
1237.38 GET /api/config.php 
1237.39 GET /player_api.php 
1237.44 GET /player_api.php get_series_categories
1237.45 GET /player_api.php get_vod_categories
1237.45 GET /player_api.php get_series
1237.47 GET /player_api.php get_vod_streams
1237.50 GET /api/app-update.php 
1239.25 GET /api/trending.php 
1239.27 GET /player_api.php get_vod_info
1239.27 GET /player_api.php get_vod_info
1239.27 GET /player_api.php get_vod_info
1239.77 GET /player_api.php get_vod_info
1239.77 GET /player_api.php get_vod_info
1239.78 GET /player_api.php get_vod_info
1239.99 POST /api/ratings.php 
1261.73 POST /api/ratings.php 
1262.09 POST /api/ratings.php 
1286.69 POST /api/ratings.php 
1287.05 POST /api/ratings.php 
1319.04 GET /player_api.php 
1329.49 GET /api/config.php 
1329.50 GET /player_api.php 
1371.94 POST /api/ratings.php 
1372.30 POST /api/ratings.php 
1377.55 POST /api/pair-start.php 
1378.23 POST /api/pair-poll.php 
1381.28 POST /api/pair-poll.php 
1384.28 POST /api/pair-poll.php 
1386.07 GET /api/config.php 
1386.08 GET /player_api.php 
1386.08 GET /api/config.php 
1386.12 GET /player_api.php 
1386.17 GET /api/config.php 
1386.22 GET /player_api.php 
1386.27 GET /player_api.php get_vod_streams
1386.28 GET /player_api.php get_series_categories
1386.33 GET /player_api.php get_vod_categories
1386.34 GET /player_api.php get_series
1386.50 GET /api/app-update.php 
1388.70 GET /api/trending.php 
1388.71 GET /player_api.php get_vod_info
1388.71 GET /player_api.php get_vod_info
1388.73 GET /player_api.php get_vod_info
1389.32 GET /player_api.php get_vod_info
1389.32 GET /player_api.php get_vod_info
1389.32 GET /player_api.php get_vod_info
1389.44 POST /api/ratings.php 
1410.70 POST /api/ratings.php 
1411.05 POST /api/ratings.php 
1435.64 POST /api/ratings.php 
1436.00 POST /api/ratings.php 
1467.99 GET /player_api.php 
1478.37 GET /api/config.php 
1478.37 GET /player_api.php 
1514.93 POST /api/ratings.php 
1515.28 POST /api/ratings.php 
