   0.94 GET /api/config.php 
  73.96 POST /api/pair-start.php 
  74.91 POST /api/pair-poll.php 
  77.92 POST /api/pair-poll.php 
  80.92 POST /api/pair-poll.php 
  83.93 POST /api/pair-poll.php 
  86.93 POST /api/pair-poll.php 
  89.93 GET /api/config.php 
  89.94 GET /player_api.php 
  90.01 POST /api/pair-poll.php 
  90.28 GET /api/config.php 
  90.30 GET /player_api.php 
  90.37 GET /player_api.php get_series_categories
  90.38 GET /player_api.php get_series
  90.40 GET /player_api.php get_vod_streams
  90.47 GET /player_api.php get_vod_categories
  90.50 GET /api/app-update.php 
  94.55 GET /api/trending.php 
  94.62 GET /player_api.php get_vod_info
  94.63 GET /player_api.php get_vod_info
  94.63 GET /player_api.php get_vod_info
  95.33 POST /api/ratings.php 
  95.54 GET /player_api.php get_vod_info
  95.54 GET /player_api.php get_vod_info
  95.54 GET /player_api.php get_vod_info
  95.74 POST /api/ratings.php 
 111.85 POST /api/ratings.php 
 112.21 POST /api/ratings.php 
 131.34 POST /api/ratings.php 
 131.69 POST /api/ratings.php 
 137.15 POST /api/pair-start.php 
 137.61 POST /api/pair-poll.php 
 140.62 POST /api/pair-poll.php 
 143.63 POST /api/pair-poll.php 
 146.63 POST /api/pair-poll.php 
 149.64 POST /api/pair-poll.php 
 151.60 GET /api/config.php 
 151.61 GET /player_api.php 
 151.76 GET /api/config.php 
 151.80 GET /player_api.php 
 151.93 GET /player_api.php get_series
 151.96 GET /player_api.php get_vod_categories
 151.97 GET /api/app-update.php 
 151.98 GET /player_api.php get_series_categories
 151.98 GET /player_api.php get_vod_streams
 154.89 GET /api/trending.php 
 154.95 GET /player_api.php get_vod_info
 154.96 GET /player_api.php get_vod_info
 154.97 GET /player_api.php get_vod_info
 155.62 POST /api/ratings.php 
 155.85 GET /player_api.php get_vod_info
 155.88 GET /player_api.php get_vod_info
 155.88 GET /player_api.php get_vod_info
 155.97 POST /api/ratings.php 
 171.46 POST /api/ratings.php 
 171.82 POST /api/ratings.php 
 190.88 POST /api/ratings.php 
 191.23 POST /api/ratings.php 
 215.72 GET /player_api.php 
 222.14 POST /api/pair-start.php 
 222.78 POST /api/pair-poll.php 
 225.78 POST /api/pair-poll.php 
 228.79 POST /api/pair-poll.php 
 231.80 POST /api/pair-poll.php 
 234.81 POST /api/pair-poll.php 
 236.26 GET /api/config.php 
 236.26 GET /player_api.php 
 236.51 GET /api/config.php 
 236.53 GET /player_api.php 
 236.60 GET /player_api.php get_vod_streams
 236.64 GET /player_api.php get_series_categories
 236.66 GET /player_api.php get_series
 236.68 GET /player_api.php get_vod_categories
 236.71 GET /api/app-update.php 
 239.60 GET /api/trending.php 
 239.67 GET /player_api.php get_vod_info
 239.67 GET /player_api.php get_vod_info
 239.67 GET /player_api.php get_vod_info
 240.35 POST /api/ratings.php 
 240.58 GET /player_api.php get_vod_info
 240.60 GET /player_api.php get_vod_info
 240.60 GET /player_api.php get_vod_info
 240.74 POST /api/ratings.php 
 256.82 POST /api/ratings.php 
 257.17 POST /api/ratings.php 
 276.23 POST /api/ratings.php 
 276.58 POST /api/ratings.php 
 282.36 POST /api/pair-start.php 
 282.55 POST /api/pair-poll.php 
 285.57 POST /api/pair-poll.php 
 288.57 POST /api/pair-poll.php 
 291.58 POST /api/pair-poll.php 
 294.58 POST /api/pair-poll.php 
 296.49 GET /api/config.php 
 296.50 GET /player_api.php 
 296.72 GET /api/config.php 
 296.82 GET /player_api.php 
 296.91 GET /player_api.php get_vod_categories
 296.93 GET /player_api.php get_vod_streams
 296.98 GET /player_api.php get_series_categories
 296.98 GET /player_api.php get_series
 296.99 GET /api/app-update.php 
 299.70 GET /api/trending.php 
 299.74 GET /player_api.php get_vod_info
 299.75 GET /player_api.php get_vod_info
 299.75 GET /player_api.php get_vod_info
 300.46 POST /api/ratings.php 
 300.66 GET /player_api.php get_vod_info
 300.66 GET /player_api.php get_vod_info
 300.66 GET /player_api.php get_vod_info
 300.85 POST /api/ratings.php 
 316.54 POST /api/ratings.php 
 316.90 POST /api/ratings.php 
 335.95 POST /api/ratings.php 
 336.31 POST /api/ratings.php 
 362.61 GET /player_api.php 
 370.83 GET /api/config.php 
 370.84 GET /player_api.php 
 394.69 POST /api/ratings.php 
 395.05 POST /api/ratings.php 
 399.91 POST /api/pair-start.php 
 400.60 POST /api/pair-poll.php 
 403.62 POST /api/pair-poll.php 
 406.63 POST /api/pair-poll.php 
 409.63 POST /api/pair-poll.php 
 412.64 POST /api/pair-poll.php 
 413.98 GET /api/config.php 
 413.99 GET /player_api.php 
 414.14 GET /api/config.php 
 414.20 GET /player_api.php 
 414.24 GET /player_api.php get_vod_categories
 414.32 GET /api/app-update.php 
 414.38 GET /player_api.php get_vod_streams
 414.39 GET /player_api.php get_series_categories
 414.39 GET /player_api.php get_series
 417.72 GET /api/trending.php 
 417.76 GET /player_api.php get_vod_info
 417.77 GET /player_api.php get_vod_info
 417.78 GET /player_api.php get_vod_info
 418.47 POST /api/ratings.php 
 418.68 GET /player_api.php get_vod_info
 418.68 GET /player_api.php get_vod_info
 418.68 GET /player_api.php get_vod_info
 418.84 POST /api/ratings.php 
 434.74 POST /api/ratings.php 
 435.09 POST /api/ratings.php 
 454.05 POST /api/ratings.php 
 454.41 POST /api/ratings.php 
 478.84 GET /player_api.php 
 487.09 GET /api/config.php 
 487.10 GET /player_api.php 
 510.94 POST /api/ratings.php 
 511.30 POST /api/ratings.php 
 516.23 POST /api/pair-start.php 
 516.85 POST /api/pair-poll.php 
 519.89 POST /api/pair-poll.php 
 522.89 POST /api/pair-poll.php 
 525.90 POST /api/pair-poll.php 
 528.90 POST /api/pair-poll.php 
 530.59 GET /api/config.php 
 530.60 GET /player_api.php 
 530.77 GET /api/config.php 
 530.80 GET /player_api.php 
 530.93 GET /player_api.php get_series_categories
 530.93 GET /player_api.php get_series
 530.94 GET /player_api.php get_vod_categories
 530.95 GET /player_api.php get_vod_streams
 531.01 GET /api/app-update.php 
 534.02 GET /api/trending.php 
 534.07 GET /player_api.php get_vod_info
 534.08 GET /player_api.php get_vod_info
 534.08 GET /player_api.php get_vod_info
 534.77 POST /api/ratings.php 
 534.99 GET /player_api.php get_vod_info
 535.04 GET /player_api.php get_vod_info
 535.04 GET /player_api.php get_vod_info
 535.13 POST /api/ratings.php 
 551.28 POST /api/ratings.php 
 551.63 POST /api/ratings.php 
 570.63 POST /api/ratings.php 
 570.99 POST /api/ratings.php 
 595.46 GET /player_api.php 
 603.70 GET /api/config.php 
 603.71 GET /player_api.php 
 637.06 POST /api/ratings.php 
 637.41 POST /api/ratings.php 
 642.36 POST /api/pair-start.php 
 643.06 POST /api/pair-poll.php 
 646.10 POST /api/pair-poll.php 
 649.11 POST /api/pair-poll.php 
 652.12 POST /api/pair-poll.php 
 655.13 POST /api/pair-poll.php 
 656.53 GET /api/config.php 
 656.53 GET /player_api.php 
 656.82 GET /api/config.php 
 656.90 GET /player_api.php 
 656.95 GET /player_api.php get_series_categories
 656.95 GET /player_api.php get_vod_categories
 657.00 GET /player_api.php get_vod_streams
 657.02 GET /player_api.php get_series
 657.05 GET /api/app-update.php 
 659.93 GET /api/trending.php 
 659.98 GET /player_api.php get_vod_info
 659.99 GET /player_api.php get_vod_info
 659.99 GET /player_api.php get_vod_info
 660.67 POST /api/ratings.php 
 660.86 GET /player_api.php get_vod_info
 660.87 GET /player_api.php get_vod_info
 660.87 GET /player_api.php get_vod_info
 661.03 POST /api/ratings.php 
 677.55 POST /api/ratings.php 
 677.91 POST /api/ratings.php 
 696.90 POST /api/ratings.php 
 697.26 POST /api/ratings.php 
 721.72 GET /player_api.php 
 729.98 GET /api/config.php 
 729.99 GET /player_api.php 
 759.22 POST /api/ratings.php 
 759.57 POST /api/ratings.php 
 764.80 POST /api/pair-start.php 
 765.46 POST /api/pair-poll.php 
 768.46 POST /api/pair-poll.php 
 771.47 POST /api/pair-poll.php 
 774.48 POST /api/pair-poll.php 
 777.48 POST /api/pair-poll.php 
 779.13 GET /api/config.php 
 779.13 GET /player_api.php 
 779.31 GET /api/config.php 
 779.32 GET /player_api.php 
 779.47 GET /player_api.php get_series_categories
 779.48 GET /player_api.php get_vod_categories
 779.49 GET /player_api.php get_series
 779.50 GET /player_api.php get_vod_streams
 779.55 GET /api/app-update.php 
 782.78 GET /api/trending.php 
 782.85 GET /player_api.php get_vod_info
 782.86 GET /player_api.php get_vod_info
 782.87 GET /player_api.php get_vod_info
 783.58 POST /api/ratings.php 
 783.70 GET /player_api.php get_vod_info
 783.70 GET /player_api.php get_vod_info
 783.71 GET /player_api.php get_vod_info
 783.94 POST /api/ratings.php 
 799.96 POST /api/ratings.php 
 800.32 POST /api/ratings.php 
 819.32 POST /api/ratings.php 
 819.67 POST /api/ratings.php 
 825.56 POST /api/pair-start.php 
 826.26 POST /api/pair-poll.php 
 829.27 POST /api/pair-poll.php 
 832.27 POST /api/pair-poll.php 
 835.28 POST /api/pair-poll.php 
 838.29 POST /api/pair-poll.php 
 839.81 GET /api/config.php 
 839.81 GET /player_api.php 
 839.99 GET /api/config.php 
 840.04 GET /player_api.php 
 840.09 GET /player_api.php get_series_categories
 840.10 GET /player_api.php get_vod_categories
 840.12 GET /player_api.php get_series
 840.12 GET /player_api.php get_vod_streams
 840.16 GET /api/app-update.php 
 843.30 GET /api/trending.php 
 843.35 GET /player_api.php get_vod_info
 843.36 GET /player_api.php get_vod_info
 843.37 GET /player_api.php get_vod_info
 844.05 POST /api/ratings.php 
 844.32 GET /player_api.php get_vod_info
 844.33 GET /player_api.php get_vod_info
 844.33 GET /player_api.php get_vod_info
 844.41 POST /api/ratings.php 
 860.47 POST /api/ratings.php 
 860.82 POST /api/ratings.php 
 879.85 POST /api/ratings.php 
 880.20 POST /api/ratings.php 
 904.69 GET /player_api.php 
 912.94 GET /api/config.php 
 912.95 GET /player_api.php 
 936.80 POST /api/ratings.php 
 937.16 POST /api/ratings.php 
 942.02 POST /api/pair-start.php 
 942.18 POST /api/pair-poll.php 
 945.19 POST /api/pair-poll.php 
 948.20 POST /api/pair-poll.php 
 951.20 POST /api/pair-poll.php 
 954.21 POST /api/pair-poll.php 
 956.09 GET /api/config.php 
 956.10 GET /player_api.php 
 956.26 GET /api/config.php 
 956.29 GET /player_api.php 
 956.35 GET /player_api.php get_vod_categories
 956.41 GET /player_api.php get_vod_streams
 956.42 GET /player_api.php get_series_categories
 956.45 GET /player_api.php get_series
 956.47 GET /api/app-update.php 
 959.70 GET /api/trending.php 
 959.70 GET /player_api.php get_vod_info
 959.70 GET /player_api.php get_vod_info
 959.72 GET /player_api.php get_vod_info
 960.40 POST /api/ratings.php 
 960.63 GET /player_api.php get_vod_info
 960.63 GET /player_api.php get_vod_info
 960.63 GET /player_api.php get_vod_info
 960.77 POST /api/ratings.php 
 976.66 POST /api/ratings.php 
 977.02 POST /api/ratings.php 
 995.99 POST /api/ratings.php 
 996.35 POST /api/ratings.php 
1020.75 GET /player_api.php 
1029.08 GET /api/config.php 
1029.10 GET /player_api.php 
1052.94 POST /api/ratings.php 
1053.29 POST /api/ratings.php 
1058.16 POST /api/pair-start.php 
1058.81 POST /api/pair-poll.php 
1061.81 POST /api/pair-poll.php 
1064.82 POST /api/pair-poll.php 
1067.82 POST /api/pair-poll.php 
1070.83 POST /api/pair-poll.php 
1072.29 GET /api/config.php 
1072.29 GET /player_api.php 
1072.51 GET /api/config.php 
1072.52 GET /player_api.php 
1072.63 GET /player_api.php get_series_categories
1072.64 GET /player_api.php get_vod_categories
1072.65 GET /player_api.php get_series
1072.67 GET /player_api.php get_vod_streams
1072.74 GET /api/app-update.php 
1075.71 GET /api/trending.php 
1075.77 GET /player_api.php get_vod_info
1075.78 GET /player_api.php get_vod_info
1075.78 GET /player_api.php get_vod_info
1076.47 POST /api/ratings.php 
1076.62 GET /player_api.php get_vod_info
1076.63 GET /player_api.php get_vod_info
1076.63 GET /player_api.php get_vod_info
1076.86 POST /api/ratings.php 
1093.29 POST /api/ratings.php 
1093.65 POST /api/ratings.php 
1112.65 POST /api/ratings.php 
1113.01 POST /api/ratings.php 
1137.44 GET /player_api.php 
1145.69 GET /api/config.php 
1145.70 GET /player_api.php 
1180.26 POST /api/ratings.php 
1180.62 POST /api/ratings.php 
1185.45 POST /api/pair-start.php 
1186.07 POST /api/pair-poll.php 
1189.08 POST /api/pair-poll.php 
1192.09 POST /api/pair-poll.php 
1195.09 POST /api/pair-poll.php 
1198.10 POST /api/pair-poll.php 
1199.55 GET /api/config.php 
1199.55 GET /player_api.php 
1199.74 GET /api/config.php 
1199.76 GET /player_api.php 
1199.83 GET /player_api.php get_vod_categories
1199.88 GET /player_api.php get_vod_streams
1199.89 GET /player_api.php get_series_categories
1199.90 GET /player_api.php get_series
1199.94 GET /api/app-update.php 
1202.98 GET /api/trending.php 
1203.02 GET /player_api.php get_vod_info
1203.03 GET /player_api.php get_vod_info
1203.03 GET /player_api.php get_vod_info
1203.72 POST /api/ratings.php 
1203.96 GET /player_api.php get_vod_info
1203.96 GET /player_api.php get_vod_info
1203.97 GET /player_api.php get_vod_info
1204.08 POST /api/ratings.php 
1220.16 POST /api/ratings.php 
1220.52 POST /api/ratings.php 
1239.58 POST /api/ratings.php 
1239.93 POST /api/ratings.php 
1264.40 GET /player_api.php 
1272.68 GET /api/config.php 
1272.75 GET /player_api.php 
1303.08 POST /api/ratings.php 
1303.44 POST /api/ratings.php 
